GameRecord {players = ["Amy","Bill"], grids = [Grid {width = 3, height = 3, rep = fromList [((0,0),Empty),((0,1),Empty),((0,2),Empty),((1,0),Empty),((1,1),Empty),((1,2),Empty),((2,0),Empty),((2,1),Empty),((2,2),Empty)]},Grid {width = 3, height = 3, rep = fromList [((0,0),Filled Red),((0,1),Empty),((0,2),Empty),((1,0),Empty),((1,1),Empty),((1,2),Empty),((2,0),Empty),((2,1),Empty),((2,2),Empty)]},Grid {width = 3, height = 3, rep = fromList [((0,0),Filled Red),((0,1),Empty),((0,2),Empty),((1,0),Empty),((1,1),Empty),((1,2),Empty),((2,0),Filled Red),((2,1),Empty),((2,2),Empty)]},Grid {width = 3, height = 3, rep = fromList [((0,0),Filled Red),((0,1),Empty),((0,2),Empty),((1,0),Empty),((1,1),Filled Green),((1,2),Empty),((2,0),Filled Red),((2,1),Empty),((2,2),Empty)]},Grid {width = 3, height = 3, rep = fromList [((0,0),Filled Red),((0,1),Empty),((0,2),Filled Red),((1,0),Empty),((1,1),Filled Green),((1,2),Empty),((2,0),Filled Red),((2,1),Empty),((2,2),Empty)]},Grid {width = 3, height = 3, rep = fromList [((0,0),Filled Red),((0,1),Empty),((0,2),Filled Red),((1,0),Empty),((1,1),Filled Green),((1,2),Empty),((2,0),Filled Red),((2,1),Empty),((2,2),Filled Red)]}], colours = fromList [Red,Green]}